Archive member included to satisfy reference by file (symbol)

/home/gary/workplace/toolchain/wch_risc_development/Toolchain/risc-v_embedded_gcc/bin/../lib/gcc/riscv-none-embed/8.2.0/rv32imac/ilp32/libgcc.a(_udivdi3.o)
                              ./build/libraries/Peripheral/src/ch32v20x_usart.o (__udivdi3)
/home/gary/workplace/toolchain/wch_risc_development/Toolchain/risc-v_embedded_gcc/bin/../lib/gcc/riscv-none-embed/8.2.0/rv32imac/ilp32/libgcc.a(_clz.o)
                              /home/gary/workplace/toolchain/wch_risc_development/Toolchain/risc-v_embedded_gcc/bin/../lib/gcc/riscv-none-embed/8.2.0/rv32imac/ilp32/libgcc.a(_udivdi3.o) (__clz_tab)
/home/gary/workplace/toolchain/wch_risc_development/Toolchain/risc-v_embedded_gcc/bin/../lib/gcc/riscv-none-embed/8.2.0/../../../../riscv-none-embed/lib/rv32imac/ilp32/libc_nano.a(lib_a-printf.o)
                              ./build/user/main.o (printf)
/home/gary/workplace/toolchain/wch_risc_development/Toolchain/risc-v_embedded_gcc/bin/../lib/gcc/riscv-none-embed/8.2.0/../../../../riscv-none-embed/lib/rv32imac/ilp32/libc_nano.a(lib_a-puts.o)
                              ./build/user/main.o (puts)
/home/gary/workplace/toolchain/wch_risc_development/Toolchain/risc-v_embedded_gcc/bin/../lib/gcc/riscv-none-embed/8.2.0/../../../../riscv-none-embed/lib/rv32imac/ilp32/libc_nano.a(lib_a-wbuf.o)
                              /home/gary/workplace/toolchain/wch_risc_development/Toolchain/risc-v_embedded_gcc/bin/../lib/gcc/riscv-none-embed/8.2.0/../../../../riscv-none-embed/lib/rv32imac/ilp32/libc_nano.a(lib_a-puts.o) (__swbuf_r)
/home/gary/workplace/toolchain/wch_risc_development/Toolchain/risc-v_embedded_gcc/bin/../lib/gcc/riscv-none-embed/8.2.0/../../../../riscv-none-embed/lib/rv32imac/ilp32/libc_nano.a(lib_a-wsetup.o)
                              /home/gary/workplace/toolchain/wch_risc_development/Toolchain/risc-v_embedded_gcc/bin/../lib/gcc/riscv-none-embed/8.2.0/../../../../riscv-none-embed/lib/rv32imac/ilp32/libc_nano.a(lib_a-puts.o) (__swsetup_r)
/home/gary/workplace/toolchain/wch_risc_development/Toolchain/risc-v_embedded_gcc/bin/../lib/gcc/riscv-none-embed/8.2.0/../../../../riscv-none-embed/lib/rv32imac/ilp32/libc_nano.a(lib_a-fflush.o)
                              /home/gary/workplace/toolchain/wch_risc_development/Toolchain/risc-v_embedded_gcc/bin/../lib/gcc/riscv-none-embed/8.2.0/../../../../riscv-none-embed/lib/rv32imac/ilp32/libc_nano.a(lib_a-wbuf.o) (_fflush_r)
/home/gary/workplace/toolchain/wch_risc_development/Toolchain/risc-v_embedded_gcc/bin/../lib/gcc/riscv-none-embed/8.2.0/../../../../riscv-none-embed/lib/rv32imac/ilp32/libc_nano.a(lib_a-findfp.o)
                              /home/gary/workplace/toolchain/wch_risc_development/Toolchain/risc-v_embedded_gcc/bin/../lib/gcc/riscv-none-embed/8.2.0/../../../../riscv-none-embed/lib/rv32imac/ilp32/libc_nano.a(lib_a-printf.o) (__sinit)
/home/gary/workplace/toolchain/wch_risc_development/Toolchain/risc-v_embedded_gcc/bin/../lib/gcc/riscv-none-embed/8.2.0/../../../../riscv-none-embed/lib/rv32imac/ilp32/libc_nano.a(lib_a-fwalk.o)
                              /home/gary/workplace/toolchain/wch_risc_development/Toolchain/risc-v_embedded_gcc/bin/../lib/gcc/riscv-none-embed/8.2.0/../../../../riscv-none-embed/lib/rv32imac/ilp32/libc_nano.a(lib_a-findfp.o) (_fwalk)
/home/gary/workplace/toolchain/wch_risc_development/Toolchain/risc-v_embedded_gcc/bin/../lib/gcc/riscv-none-embed/8.2.0/../../../../riscv-none-embed/lib/rv32imac/ilp32/libc_nano.a(lib_a-impure.o)
                              /home/gary/workplace/toolchain/wch_risc_development/Toolchain/risc-v_embedded_gcc/bin/../lib/gcc/riscv-none-embed/8.2.0/../../../../riscv-none-embed/lib/rv32imac/ilp32/libc_nano.a(lib_a-fflush.o) (_global_impure_ptr)
/home/gary/workplace/toolchain/wch_risc_development/Toolchain/risc-v_embedded_gcc/bin/../lib/gcc/riscv-none-embed/8.2.0/../../../../riscv-none-embed/lib/rv32imac/ilp32/libc_nano.a(lib_a-makebuf.o)
                              /home/gary/workplace/toolchain/wch_risc_development/Toolchain/risc-v_embedded_gcc/bin/../lib/gcc/riscv-none-embed/8.2.0/../../../../riscv-none-embed/lib/rv32imac/ilp32/libc_nano.a(lib_a-wsetup.o) (__smakebuf_r)
/home/gary/workplace/toolchain/wch_risc_development/Toolchain/risc-v_embedded_gcc/bin/../lib/gcc/riscv-none-embed/8.2.0/../../../../riscv-none-embed/lib/rv32imac/ilp32/libc_nano.a(lib_a-memset.o)
                              /home/gary/workplace/toolchain/wch_risc_development/Toolchain/risc-v_embedded_gcc/bin/../lib/gcc/riscv-none-embed/8.2.0/../../../../riscv-none-embed/lib/rv32imac/ilp32/libc_nano.a(lib_a-findfp.o) (memset)
/home/gary/workplace/toolchain/wch_risc_development/Toolchain/risc-v_embedded_gcc/bin/../lib/gcc/riscv-none-embed/8.2.0/../../../../riscv-none-embed/lib/rv32imac/ilp32/libc_nano.a(lib_a-nano-freer.o)
[...]
Memory Configuration

Name             Origin             Length             Attributes
FLASH            0x0000000000000000 0x0000000000010000 xr
RAM              0x0000000020000000 0x0000000000005000 xrw
*default*        0x0000000000000000 0xffffffffffffffff

Linker script and memory map

LOAD ./build/user/main.o
LOAD ./build/user/system_ch32v20x.o
LOAD ./build/user/my_button.o
LOAD ./build/user/ch32v20x_it.o
LOAD ./build/libraries/Core/core_riscv.o
LOAD ./build/libraries/Debug/debug.o
LOAD ./build/libraries/Peripheral/src/ch32v20x_flash.o
LOAD ./build/libraries/Peripheral/src/ch32v20x_dma.o
LOAD ./build/libraries/Peripheral/src/ch32v20x_can.o
LOAD ./build/libraries/Peripheral/src/ch32v20x_tim.o
LOAD ./build/libraries/Peripheral/src/ch32v20x_crc.o
LOAD ./build/libraries/Peripheral/src/ch32v20x_dbgmcu.o
LOAD ./build/libraries/Peripheral/src/ch32v20x_iwdg.o
LOAD ./build/libraries/Peripheral/src/ch32v20x_rtc.o
LOAD ./build/libraries/Peripheral/src/ch32v20x_pwr.o
LOAD ./build/libraries/Peripheral/src/ch32v20x_gpio.o
LOAD ./build/libraries/Peripheral/src/ch32v20x_i2c.o
LOAD ./build/libraries/Peripheral/src/ch32v20x_bkp.o
LOAD ./build/libraries/Peripheral/src/ch32v20x_adc.o
LOAD ./build/libraries/Peripheral/src/ch32v20x_wwdg.o
LOAD ./build/libraries/Peripheral/src/ch32v20x_misc.o
LOAD ./build/libraries/Peripheral/src/ch32v20x_opa.o
LOAD ./build/libraries/Peripheral/src/ch32v20x_rcc.o
LOAD ./build/libraries/Peripheral/src/ch32v20x_spi.o
LOAD ./build/libraries/Peripheral/src/ch32v20x_usart.o
LOAD ./build/libraries/Peripheral/src/ch32v20x_exti.o
LOAD /tmp/cct8okiZ.o
LOAD /home/gary/workplace/toolchain/wch_risc_development/Toolchain/risc-v_embedded_gcc/bin/../lib/gcc/riscv-none-embed/8.2.0/rv32imac/ilp32/libgcc.a
LOAD /home/gary/workplace/toolchain/wch_risc_development/Toolchain/risc-v_embedded_gcc/bin/../lib/gcc/riscv-none-embed/8.2.0/../../../../riscv-none-embed/lib/rv32imac/ilp32/libc_nano.a
LOAD /home/gary/workplace/toolchain/wch_risc_development/Toolchain/risc-v_embedded_gcc/bin/../lib/gcc/riscv-none-embed/8.2.0/rv32imac/ilp32/libgcc.a
START GROUP
LOAD /home/gary/workplace/toolchain/wch_risc_development/Toolchain/risc-v_embedded_gcc/bin/../lib/gcc/riscv-none-embed/8.2.0/rv32imac/ilp32/libgcc.a
LOAD /home/gary/workplace/toolchain/wch_risc_development/Toolchain/risc-v_embedded_gcc/bin/../lib/gcc/riscv-none-embed/8.2.0/../../../../riscv-none-embed/lib/rv32imac/ilp32/libc_nano.a
LOAD /home/gary/workplace/toolchain/wch_risc_development/Toolchain/risc-v_embedded_gcc/bin/../lib/gcc/riscv-none-embed/8.2.0/../../../../riscv-none-embed/lib/rv32imac/ilp32/libnosys.a
END GROUP
START GROUP
LOAD /home/gary/workplace/toolchain/wch_risc_development/Toolchain/risc-v_embedded_gcc/bin/../lib/gcc/riscv-none-embed/8.2.0/rv32imac/ilp32/libgcc.a
LOAD /home/gary/workplace/toolchain/wch_risc_development/Toolchain/risc-v_embedded_gcc/bin/../lib/gcc/riscv-none-embed/8.2.0/../../../../riscv-none-embed/lib/rv32imac/ilp32/libc_nano.a
LOAD /home/gary/workplace/toolchain/wch_risc_development/Toolchain/risc-v_embedded_gcc/bin/../lib/gcc/riscv-none-embed/8.2.0/../../../../riscv-none-embed/lib/rv32imac/ilp32/libnosys.a
END GROUP
                0x0000000000000800                __stack_size = 0x800
                [!provide]                        PROVIDE (_stack_size = __stack_size)

.init           0x0000000000000000        0x4
                0x0000000000000000                _sinit = .
                0x0000000000000000                . = ALIGN (0x4)
 *(SORT_NONE(.init))
 .init          0x0000000000000000        0x4 /tmp/cct8okiZ.o
                0x0000000000000000                _start
                0x0000000000000004                . = ALIGN (0x4)
                0x0000000000000004                _einit = .

.vector         0x0000000000000004       0xfc
 *(.vector)
 .vector        0x0000000000000004       0xfc /tmp/cct8okiZ.o
                0x0000000000000100                . = ALIGN (0x40)

.text           0x0000000000000100     0x22cc
                0x0000000000000100                . = ALIGN (0x4)
 *(.text)
 .text          0x0000000000000100       0xa8 /home/gary/workplace/toolchain/wch_risc_development/Toolchain/risc-v_embedded_gcc/bin/../lib/gcc/riscv-none-embed/8.2.0/../../../../riscv-none-embed/lib/rv32imac/ilp32/libc_nano.a(lib_a-memset.o)
                0x0000000000000100                memset
 *(.text.*)
 .text.get_button_level
                0x00000000000001a8       0x26 ./build/user/main.o
                0x00000000000001a8                get_button_level
 .text.btn1_callback
                0x00000000000001ce       0x68 ./build/user/main.o
                0x00000000000001ce                btn1_callback
 .text.GPIO_Toggle_INIT
                0x0000000000000236       0x2e ./build/user/main.o
                0x0000000000000236                GPIO_Toggle_INIT
 .text.GPIO_LED_INIT
                0x0000000000000264       0x34 ./build/user/main.o
                0x0000000000000264                GPIO_LED_INIT
 .text.main     0x0000000000000298       0x7a ./build/user/main.o
                0x0000000000000298                main
 .text.SystemInit
                0x0000000000000312       0xf4 ./build/user/system_ch32v20x.o
                0x0000000000000312                SystemInit
 .text.SystemCoreClockUpdate
                0x0000000000000406      0x106 ./build/user/system_ch32v20x.o
                0x0000000000000406                SystemCoreClockUpdate
 .text.button_init
                0x000000000000050c       0x26 ./build/user/my_button.o
                0x000000000000050c                button_init
 .text.button_action_attach
                0x0000000000000532        0x4 ./build/user/my_button.o
                0x0000000000000532                button_action_attach
 .text.ticks    0x0000000000000536      0x16e ./build/user/my_button.o
                0x0000000000000536                ticks
 .text.NMI_Handler
                0x00000000000006a4        0x2 ./build/user/ch32v20x_it.o
                0x00000000000006a4                NMI_Handler
 .text.HardFault_Handler
                0x00000000000006a6       0x10 ./build/user/ch32v20x_it.o
                0x00000000000006a6                HardFault_Handler
 .text.Delay_Init
                0x00000000000006b6       0x2a ./build/libraries/Debug/debug.o
                0x00000000000006b6                Delay_Init
 .text.Delay_Ms
                0x00000000000006e0       0x3e ./build/libraries/Debug/debug.o
                0x00000000000006e0                Delay_Ms
 .text.USART_Printf_Init
                0x000000000000071e       0x60 ./build/libraries/Debug/debug.o
                0x000000000000071e                USART_Printf_Init
 .text._write   0x000000000000077e       0x4c ./build/libraries/Debug/debug.o
                0x000000000000077e                _write
 .text._sbrk    0x00000000000007ca       0x2a ./build/libraries/Debug/debug.o
                0x00000000000007ca                _sbrk
 .text.DBGMCU_GetCHIPID
                0x00000000000007f4        0xa ./build/libraries/Peripheral/src/ch32v20x_dbgmcu.o
                0x00000000000007f4                DBGMCU_GetCHIPID
 .text.GPIO_Init
                0x00000000000007fe      0x104 ./build/libraries/Peripheral/src/ch32v20x_gpio.o
                0x00000000000007fe                GPIO_Init
 .text.GPIO_ReadInputDataBit
                0x0000000000000902       0x1c ./build/libraries/Peripheral/src/ch32v20x_gpio.o
                0x0000000000000902                GPIO_ReadInputDataBit
 .text.NVIC_PriorityGroupConfig
                0x000000000000091e        0x6 ./build/libraries/Peripheral/src/ch32v20x_misc.o
                0x000000000000091e                NVIC_PriorityGroupConfig
 .text.RCC_GetClocksFreq
                0x0000000000000924      0x112 ./build/libraries/Peripheral/src/ch32v20x_rcc.o
                0x0000000000000924                RCC_GetClocksFreq
 .text.RCC_APB2PeriphClockCmd
                0x0000000000000a36       0x1e ./build/libraries/Peripheral/src/ch32v20x_rcc.o
                0x0000000000000a36                RCC_APB2PeriphClockCmd
 .text.USART_Init
                0x0000000000000a54       0xce ./build/libraries/Peripheral/src/ch32v20x_usart.o
                0x0000000000000a54                USART_Init
 .text.USART_Cmd
                0x0000000000000b22       0x20 ./build/libraries/Peripheral/src/ch32v20x_usart.o
                0x0000000000000b22                USART_Cmd
 .text.USART_SendData
                0x0000000000000b42        0xa ./build/libraries/Peripheral/src/ch32v20x_usart.o
                0x0000000000000b42                USART_SendData
 .text.USART_GetFlagStatus
                0x0000000000000b4c        0xc ./build/libraries/Peripheral/src/ch32v20x_usart.o
                0x0000000000000b4c                USART_GetFlagStatus
 .text.vector_handler
                0x0000000000000b58        0x2 /tmp/cct8okiZ.o
                0x0000000000000b58                EXTI2_IRQHandler
                0x0000000000000b58                TIM1_CC_IRQHandler
                0x0000000000000b58                SysTick_Handler
                0x0000000000000b58                PVD_IRQHandler
                0x0000000000000b58                EXTI3_IRQHandler
                0x0000000000000b58                USBFS_IRQHandler
                0x0000000000000b58                EXTI0_IRQHandler
                0x0000000000000b58                I2C2_EV_IRQHandler
                0x0000000000000b58                ADC1_2_IRQHandler
                0x0000000000000b58                Break_Point_Handler
                0x0000000000000b58                SPI1_IRQHandler
                0x0000000000000b58                TAMPER_IRQHandler
                0x0000000000000b58                Ecall_M_Mode_Handler
                0x0000000000000b58                DMA1_Channel4_IRQHandler
                0x0000000000000b58                USART3_IRQHandler
                0x0000000000000b58                RTC_IRQHandler
                0x0000000000000b58                DMA1_Channel7_IRQHandler
                0x0000000000000b58                CAN1_RX1_IRQHandler
                0x0000000000000b58                TIM4_IRQHandler
                0x0000000000000b58                I2C1_EV_IRQHandler
                0x0000000000000b58                DMA1_Channel6_IRQHandler
                0x0000000000000b58                UART4_IRQHandler
                0x0000000000000b58                TIM3_IRQHandler
                0x0000000000000b58                RCC_IRQHandler
                0x0000000000000b58                TIM1_TRG_COM_IRQHandler
                0x0000000000000b58                DMA1_Channel1_IRQHandler
                0x0000000000000b58                EXTI15_10_IRQHandler
                0x0000000000000b58                DMA1_Channel8_IRQHandler
                0x0000000000000b58                EXTI9_5_IRQHandler
                0x0000000000000b58                SPI2_IRQHandler
                0x0000000000000b58                DMA1_Channel5_IRQHandler
                0x0000000000000b58                EXTI4_IRQHandler
                0x0000000000000b58                USB_LP_CAN1_RX0_IRQHandler
                0x0000000000000b58                USB_HP_CAN1_TX_IRQHandler
                0x0000000000000b58                DMA1_Channel3_IRQHandler
                0x0000000000000b58                TIM1_UP_IRQHandler
                0x0000000000000b58                WWDG_IRQHandler
                0x0000000000000b58                Ecall_U_Mode_Handler
                0x0000000000000b58                TIM2_IRQHandler
                0x0000000000000b58                SW_Handler
                0x0000000000000b58                TIM1_BRK_IRQHandler
                0x0000000000000b58                EXTI1_IRQHandler
                0x0000000000000b58                RTCAlarm_IRQHandler
                0x0000000000000b58                USART2_IRQHandler
                0x0000000000000b58                I2C2_ER_IRQHandler
                0x0000000000000b58                DMA1_Channel2_IRQHandler
                0x0000000000000b58                CAN1_SCE_IRQHandler
                0x0000000000000b58                FLASH_IRQHandler
                0x0000000000000b58                USBFSWakeUp_IRQHandler
                0x0000000000000b58                USART1_IRQHandler
                0x0000000000000b58                I2C1_ER_IRQHandler
                0x0000000000000b58                USBWakeUp_IRQHandler
 .text.handle_reset
                0x0000000000000b5a       0x86 /tmp/cct8okiZ.o
                0x0000000000000b5a                handle_reset
 .text.__udivdi3
                0x0000000000000be0      0x398 /home/gary/workplace/toolchain/wch_risc_development/Toolchain/risc-v_embedded_gcc/bin/../lib/gcc/riscv-none-embed/8.2.0/rv32imac/ilp32/libgcc.a(_udivdi3.o)
                0x0000000000000be0                __udivdi3
 .text.printf   0x0000000000000f78       0x40 /home/gary/workplace/toolchain/wch_risc_development/Toolchain/risc-v_embedded_gcc/bin/../lib/gcc/riscv-none-embed/8.2.0/../../../../riscv-none-embed/lib/rv32imac/ilp32/libc_nano.a(lib_a-printf.o)
                0x0000000000000f78                printf
                0x0000000000000f78                iprintf
 .text._puts_r  0x0000000000000fb8       0xda /home/gary/workplace/toolchain/wch_risc_development/Toolchain/risc-v_embedded_gcc/bin/../lib/gcc/riscv-none-embed/8.2.0/../../../../riscv-none-embed/lib/rv32imac/ilp32/libc_nano.a(lib_a-puts.o)
                0x0000000000000fb8                _puts_r
 .text.puts     0x0000000000001092        0xa /home/gary/workplace/toolchain/wch_risc_development/Toolchain/risc-v_embedded_gcc/bin/../lib/gcc/riscv-none-embed/8.2.0/../../../../riscv-none-embed/lib/rv32imac/ilp32/libc_nano.a(lib_a-puts.o)
                0x0000000000001092                puts
 .text.__swbuf_r
                0x000000000000109c       0xc0 /home/gary/workplace/toolchain/wch_risc_development/Toolchain/risc-v_embedded_gcc/bin/../lib/gcc/riscv-none-embed/8.2.0/../../../../riscv-none-embed/lib/rv32imac/ilp32/libc_nano.a(lib_a-wbuf.o)
                0x000000000000109c                __swbuf_r
 .text.__swsetup_r
                0x000000000000115c      0x10c /home/gary/workplace/toolchain/wch_risc_development/Toolchain/risc-v_embedded_gcc/bin/../lib/gcc/riscv-none-embed/8.2.0/../../../../riscv-none-embed/lib/rv32imac/ilp32/libc_nano.a(lib_a-wsetup.o)
                0x000000000000115c                __swsetup_r
 .text.__sflush_r
                0x0000000000001268      0x13c /home/gary/workplace/toolchain/wch_risc_development/Toolchain/risc-v_embedded_gcc/bin/../lib/gcc/riscv-none-embed/8.2.0/../../../../riscv-none-embed/lib/rv32imac/ilp32/libc_nano.a(lib_a-fflush.o)
                0x0000000000001268                __sflush_r
 .text._fflush_r
                0x00000000000013a4       0x64 /home/gary/workplace/toolchain/wch_risc_development/Toolchain/risc-v_embedded_gcc/bin/../lib/gcc/riscv-none-embed/8.2.0/../../../../riscv-none-embed/lib/rv32imac/ilp32/libc_nano.a(lib_a-fflush.o)
                0x00000000000013a4                _fflush_r
 .text.std      0x0000000000001408       0x6a /home/gary/workplace/toolchain/wch_risc_development/Toolchain/risc-v_embedded_gcc/bin/../lib/gcc/riscv-none-embed/8.2.0/../../../../riscv-none-embed/lib/rv32imac/ilp32/libc_nano.a(lib_a-findfp.o)
 .text._cleanup_r
                0x0000000000001472        0xa /home/gary/workplace/toolchain/wch_risc_development/Toolchain/risc-v_embedded_gcc/bin/../lib/gcc/riscv-none-embed/8.2.0/../../../../riscv-none-embed/lib/rv32imac/ilp32/libc_nano.a(lib_a-findfp.o)
                0x0000000000001472                _cleanup_r
 .text.__sfmoreglue
                0x000000000000147c       0x46 /home/gary/workplace/toolchain/wch_risc_development/Toolchain/risc-v_embedded_gcc/bin/../lib/gcc/riscv-none-embed/8.2.0/../../../../riscv-none-embed/lib/rv32imac/ilp32/libc_nano.a(lib_a-findfp.o)
                0x000000000000147c                __sfmoreglue
 .text.__sinit  0x00000000000014c2       0x66 /home/gary/workplace/toolchain/wch_risc_development/Toolchain/risc-v_embedded_gcc/bin/../lib/gcc/riscv-none-embed/8.2.0/../../../../riscv-none-embed/lib/rv32imac/ilp32/libc_nano.a(lib_a-findfp.o)
                0x00000000000014c2                __sinit
 .text.__sfp    0x0000000000001528       0x9c /home/gary/workplace/toolchain/wch_risc_development/Toolchain/risc-v_embedded_gcc/bin/../lib/gcc/riscv-none-embed/8.2.0/../../../../riscv-none-embed/lib/rv32imac/ilp32/libc_nano.a(lib_a-findfp.o)
                0x0000000000001528                __sfp
 .text._fwalk_reent
                0x00000000000015c4       0x6c /home/gary/workplace/toolchain/wch_risc_development/Toolchain/risc-v_embedded_gcc/bin/../lib/gcc/riscv-none-embed/8.2.0/../../../../riscv-none-embed/lib/rv32imac/ilp32/libc_nano.a(lib_a-fwalk.o)
                0x00000000000015c4                _fwalk_reent
 .text.__swhatbuf_r
                0x0000000000001630       0x5a /home/gary/workplace/toolchain/wch_risc_development/Toolchain/risc-v_embedded_gcc/bin/../lib/gcc/riscv-none-embed/8.2.0/../../../../riscv-none-embed/lib/rv32imac/ilp32/libc_nano.a(lib_a-makebuf.o)
                0x0000000000001630                __swhatbuf_r
 .text.__smakebuf_r
                0x000000000000168a       0x9e /home/gary/workplace/toolchain/wch_risc_development/Toolchain/risc-v_embedded_gcc/bin/../lib/gcc/riscv-none-embed/8.2.0/../../../../riscv-none-embed/lib/rv32imac/ilp32/libc_nano.a(lib_a-makebuf.o)
                0x000000000000168a                __smakebuf_r
 .text._free_r  0x0000000000001728       0xa8 /home/gary/workplace/toolchain/wch_risc_development/Toolchain/risc-v_embedded_gcc/bin/../lib/gcc/riscv-none-embed/8.2.0/../../../../riscv-none-embed/lib/rv32imac/ilp32/libc_nano.a(lib_a-nano-freer.o)
                0x0000000000001728                _free_r
 .text._malloc_r
                0x00000000000017d0       0xd4 /home/gary/workplace/toolchain/wch_risc_development/Toolchain/risc-v_embedded_gcc/bin/../lib/gcc/riscv-none-embed/8.2.0/../../../../riscv-none-embed/lib/rv32imac/ilp32/libc_nano.a(lib_a-nano-mallocr.o)
                0x00000000000017d0                _malloc_r
 .text.__sfputc_r
                0x00000000000018a4       0x2a /home/gary/workplace/toolchain/wch_risc_development/Toolchain/risc-v_embedded_gcc/bin/../lib/gcc/riscv-none-embed/8.2.0/../../../../riscv-none-embed/lib/rv32imac/ilp32/libc_nano.a(lib_a-nano-vfprintf.o)
 .text.__sfputs_r
                0x00000000000018ce       0x42 /home/gary/workplace/toolchain/wch_risc_development/Toolchain/risc-v_embedded_gcc/bin/../lib/gcc/riscv-none-embed/8.2.0/../../../../riscv-none-embed/lib/rv32imac/ilp32/libc_nano.a(lib_a-nano-vfprintf.o)
                0x00000000000018ce                __sfputs_r
 .text._vfprintf_r
                0x0000000000001910      0x298 /home/gary/workplace/toolchain/wch_risc_development/Toolchain/risc-v_embedded_gcc/bin/../lib/gcc/riscv-none-embed/8.2.0/../../../../riscv-none-embed/lib/rv32imac/ilp32/libc_nano.a(lib_a-nano-vfprintf.o)
                0x0000000000001910                _vfiprintf_r
                0x0000000000001910                _vfprintf_r
 .text._printf_common
                0x0000000000001ba8      0x10c /home/gary/workplace/toolchain/wch_risc_development/Toolchain/risc-v_embedded_gcc/bin/../lib/gcc/riscv-none-embed/8.2.0/../../../../riscv-none-embed/lib/rv32imac/ilp32/libc_nano.a(lib_a-nano-vfprintf_i.o)
                0x0000000000001ba8                _printf_common
 .text._printf_i
                0x0000000000001cb4      0x2a8 /home/gary/workplace/toolchain/wch_risc_development/Toolchain/risc-v_embedded_gcc/bin/../lib/gcc/riscv-none-embed/8.2.0/../../../../riscv-none-embed/lib/rv32imac/ilp32/libc_nano.a(lib_a-nano-vfprintf_i.o)
                0x0000000000001cb4                _printf_i
 .text._sbrk_r  0x0000000000001f5c       0x2a /home/gary/workplace/toolchain/wch_risc_development/Toolchain/risc-v_embedded_gcc/bin/../lib/gcc/riscv-none-embed/8.2.0/../../../../riscv-none-embed/lib/rv32imac/ilp32/libc_nano.a(lib_a-sbrkr.o)
                0x0000000000001f5c                _sbrk_r
 .text.__sread  0x0000000000001f86       0x30 /home/gary/workplace/toolchain/wch_risc_development/Toolchain/risc-v_embedded_gcc/bin/../lib/gcc/riscv-none-embed/8.2.0/../../../../riscv-none-embed/lib/rv32imac/ilp32/libc_nano.a(lib_a-stdio.o)
                0x0000000000001f86                __sread
 .text.__swrite
                0x0000000000001fb6       0x4e /home/gary/workplace/toolchain/wch_risc_development/Toolchain/risc-v_embedded_gcc/bin/../lib/gcc/riscv-none-embed/8.2.0/../../../../riscv-none-embed/lib/rv32imac/ilp32/libc_nano.a(lib_a-stdio.o)
                0x0000000000001fb6                __swrite
 .text.__sseek  0x0000000000002004       0x36 /home/gary/workplace/toolchain/wch_risc_development/Toolchain/risc-v_embedded_gcc/bin/../lib/gcc/riscv-none-embed/8.2.0/../../../../riscv-none-embed/lib/rv32imac/ilp32/libc_nano.a(lib_a-stdio.o)
                0x0000000000002004                __sseek
 .text.__sclose
                0x000000000000203a        0x6 /home/gary/workplace/toolchain/wch_risc_development/Toolchain/risc-v_embedded_gcc/bin/../lib/gcc/riscv-none-embed/8.2.0/../../../../riscv-none-embed/lib/rv32imac/ilp32/libc_nano.a(lib_a-stdio.o)
                0x000000000000203a                __sclose
 .text._write_r
                0x0000000000002040       0x2e /home/gary/workplace/toolchain/wch_risc_development/Toolchain/risc-v_embedded_gcc/bin/../lib/gcc/riscv-none-embed/8.2.0/../../../../riscv-none-embed/lib/rv32imac/ilp32/libc_nano.a(lib_a-writer.o)
                0x0000000000002040                _write_r
 .text._close_r
                0x000000000000206e       0x28 /home/gary/workplace/toolchain/wch_risc_development/Toolchain/risc-v_embedded_gcc/bin/../lib/gcc/riscv-none-embed/8.2.0/../../../../riscv-none-embed/lib/rv32imac/ilp32/libc_nano.a(lib_a-closer.o)
                0x000000000000206e                _close_r
 .text._fstat_r
                0x0000000000002096       0x2a /home/gary/workplace/toolchain/wch_risc_development/Toolchain/risc-v_embedded_gcc/bin/../lib/gcc/riscv-none-embed/8.2.0/../../../../riscv-none-embed/lib/rv32imac/ilp32/libc_nano.a(lib_a-fstatr.o)
                0x0000000000002096                _fstat_r
 .text._isatty_r
                0x00000000000020c0       0x28 /home/gary/workplace/toolchain/wch_risc_development/Toolchain/risc-v_embedded_gcc/bin/../lib/gcc/riscv-none-embed/8.2.0/../../../../riscv-none-embed/lib/rv32imac/ilp32/libc_nano.a(lib_a-isattyr.o)
                0x00000000000020c0                _isatty_r
 .text._lseek_r
                0x00000000000020e8       0x2c /home/gary/workplace/toolchain/wch_risc_development/Toolchain/risc-v_embedded_gcc/bin/../lib/gcc/riscv-none-embed/8.2.0/../../../../riscv-none-embed/lib/rv32imac/ilp32/libc_nano.a(lib_a-lseekr.o)
                0x00000000000020e8                _lseek_r
 .text.memchr   0x0000000000002114       0x1a /home/gary/workplace/toolchain/wch_risc_development/Toolchain/risc-v_embedded_gcc/bin/../lib/gcc/riscv-none-embed/8.2.0/../../../../riscv-none-embed/lib/rv32imac/ilp32/libc_nano.a(lib_a-memchr.o)
                0x0000000000002114                memchr
 .text.__malloc_lock
                0x000000000000212e        0x2 /home/gary/workplace/toolchain/wch_risc_development/Toolchain/risc-v_embedded_gcc/bin/../lib/gcc/riscv-none-embed/8.2.0/../../../../riscv-none-embed/lib/rv32imac/ilp32/libc_nano.a(lib_a-mlock.o)
                0x000000000000212e                __malloc_lock
 .text.__malloc_unlock
                0x0000000000002130        0x2 /home/gary/workplace/toolchain/wch_risc_development/Toolchain/risc-v_embedded_gcc/bin/../lib/gcc/riscv-none-embed/8.2.0/../../../../riscv-none-embed/lib/rv32imac/ilp32/libc_nano.a(lib_a-mlock.o)
                0x0000000000002130                __malloc_unlock
 .text._read_r  0x0000000000002132       0x2c /home/gary/workplace/toolchain/wch_risc_development/Toolchain/risc-v_embedded_gcc/bin/../lib/gcc/riscv-none-embed/8.2.0/../../../../riscv-none-embed/lib/rv32imac/ilp32/libc_nano.a(lib_a-readr.o)
                0x0000000000002132                _read_r
 .text._close   0x000000000000215e        0xc /home/gary/workplace/toolchain/wch_risc_development/Toolchain/risc-v_embedded_gcc/bin/../lib/gcc/riscv-none-embed/8.2.0/../../../../riscv-none-embed/lib/rv32imac/ilp32/libnosys.a(close.o)
                0x000000000000215e                _close
 .text._fstat   0x000000000000216a        0xc /home/gary/workplace/toolchain/wch_risc_development/Toolchain/risc-v_embedded_gcc/bin/../lib/gcc/riscv-none-embed/8.2.0/../../../../riscv-none-embed/lib/rv32imac/ilp32/libnosys.a(fstat.o)
                0x000000000000216a                _fstat
 .text._isatty  0x0000000000002176        0xc /home/gary/workplace/toolchain/wch_risc_development/Toolchain/risc-v_embedded_gcc/bin/../lib/gcc/riscv-none-embed/8.2.0/../../../../riscv-none-embed/lib/rv32imac/ilp32/libnosys.a(isatty.o)
                0x0000000000002176                _isatty
 .text._lseek   0x0000000000002182        0xc /home/gary/workplace/toolchain/wch_risc_development/Toolchain/risc-v_embedded_gcc/bin/../lib/gcc/riscv-none-embed/8.2.0/../../../../riscv-none-embed/lib/rv32imac/ilp32/libnosys.a(lseek.o)
                0x0000000000002182                _lseek
 .text._read    0x000000000000218e        0xc /home/gary/workplace/toolchain/wch_risc_development/Toolchain/risc-v_embedded_gcc/bin/../lib/gcc/riscv-none-embed/8.2.0/../../../../riscv-none-embed/lib/rv32imac/ilp32/libnosys.a(read.o)
                0x000000000000218e                _read
 *(.rodata)
 *(.rodata*)
 *fill*         0x000000000000219a        0x2 
 .rodata.btn1_callback
                0x000000000000219c       0x14 ./build/user/main.o
 .rodata.btn1_callback.str1.4
                0x00000000000021b0       0x48 ./build/user/main.o
 .rodata.main.str1.4
                0x00000000000021f8       0x38 ./build/user/main.o
 .rodata.__clz_tab
                0x0000000000002230      0x100 /home/gary/workplace/toolchain/wch_risc_development/Toolchain/risc-v_embedded_gcc/bin/../lib/gcc/riscv-none-embed/8.2.0/rv32imac/ilp32/libgcc.a(_clz.o)
                0x0000000000002230                __clz_tab
 .rodata.__sf_fake_stderr
                0x0000000000002330       0x20 /home/gary/workplace/toolchain/wch_risc_development/Toolchain/risc-v_embedded_gcc/bin/../lib/gcc/riscv-none-embed/8.2.0/../../../../riscv-none-embed/lib/rv32imac/ilp32/libc_nano.a(lib_a-findfp.o)
                0x0000000000002330                __sf_fake_stderr
 .rodata.__sf_fake_stdin
                0x0000000000002350       0x20 /home/gary/workplace/toolchain/wch_risc_development/Toolchain/risc-v_embedded_gcc/bin/../lib/gcc/riscv-none-embed/8.2.0/../../../../riscv-none-embed/lib/rv32imac/ilp32/libc_nano.a(lib_a-findfp.o)
                0x0000000000002350                __sf_fake_stdin
 .rodata.__sf_fake_stdout
                0x0000000000002370       0x20 /home/gary/workplace/toolchain/wch_risc_development/Toolchain/risc-v_embedded_gcc/bin/../lib/gcc/riscv-none-embed/8.2.0/../../../../riscv-none-embed/lib/rv32imac/ilp32/libc_nano.a(lib_a-findfp.o)
                0x0000000000002370                __sf_fake_stdout
 .rodata._vfprintf_r.str1.4
                0x0000000000002390       0x13 /home/gary/workplace/toolchain/wch_risc_development/Toolchain/risc-v_embedded_gcc/bin/../lib/gcc/riscv-none-embed/8.2.0/../../../../riscv-none-embed/lib/rv32imac/ilp32/libc_nano.a(lib_a-nano-vfprintf.o)
 *fill*         0x00000000000023a3        0x1 
 .rodata._printf_i.str1.4
                0x00000000000023a4       0x28 /home/gary/workplace/toolchain/wch_risc_development/Toolchain/risc-v_embedded_gcc/bin/../lib/gcc/riscv-none-embed/8.2.0/../../../../riscv-none-embed/lib/rv32imac/ilp32/libc_nano.a(lib_a-nano-vfprintf_i.o)
                                         0x25 (size before relaxing)
 *(.gnu.linkonce.t.*)
                0x00000000000023cc                . = ALIGN (0x4)

.rela.dyn       0x00000000000023cc        0x0
 .rela.text.main
                0x00000000000023cc        0x0 ./build/user/main.o
 .rela.text._sbrk
                0x00000000000023cc        0x0 ./build/user/main.o
 .rela.sdata.curbrk.4672
                0x00000000000023cc        0x0 ./build/user/main.o
 .rela.init     0x00000000000023cc        0x0 ./build/user/main.o
 .rela.vector   0x00000000000023cc        0x0 ./build/user/main.o
 .rela.text.handle_reset
                0x00000000000023cc        0x0 ./build/user/main.o
 .rela.text._vfprintf_r
                0x00000000000023cc        0x0 ./build/user/main.o
 .rela.text._sbrk_r
                0x00000000000023cc        0x0 ./build/user/main.o
 .rela.text._write_r
                0x00000000000023cc        0x0 ./build/user/main.o
 .rela.text._close_r
                0x00000000000023cc        0x0 ./build/user/main.o
 .rela.text._fstat_r
                0x00000000000023cc        0x0 ./build/user/main.o
 .rela.text._isatty_r
                0x00000000000023cc        0x0 ./build/user/main.o
 .rela.text._lseek_r
                0x00000000000023cc        0x0 ./build/user/main.o
 .rela.text._read_r
                0x00000000000023cc        0x0 ./build/user/main.o
 .rela.text._close
                0x00000000000023cc        0x0 ./build/user/main.o
 .rela.text._fstat
                0x00000000000023cc        0x0 ./build/user/main.o
 .rela.text._isatty
                0x00000000000023cc        0x0 ./build/user/main.o
 .rela.text._lseek
                0x00000000000023cc        0x0 ./build/user/main.o
 .rela.text._read
                0x00000000000023cc        0x0 ./build/user/main.o

.fini           0x00000000000023cc        0x0
 *(SORT_NONE(.fini))
                0x00000000000023cc                . = ALIGN (0x4)
                [!provide]                        PROVIDE (_etext = .)
                [!provide]                        PROVIDE (_eitcm = .)

.preinit_array  0x00000000000023cc        0x0
                [!provide]                        PROVIDE (__preinit_array_start = .)
 *(.preinit_array)
                [!provide]                        PROVIDE (__preinit_array_end = .)

.init_array     0x00000000000023cc        0x0
                [!provide]                        PROVIDE (__init_array_start = .)
 *(SORT_BY_INIT_PRIORITY(.init_array.*) SORT_BY_INIT_PRIORITY(.ctors.*))
 *(.init_array EXCLUDE_FILE(*crtend?.o *crtend.o *crtbegin?.o *crtbegin.o) .ctors)
                [!provide]                        PROVIDE (__init_array_end = .)

.fini_array     0x00000000000023cc        0x0
                [!provide]                        PROVIDE (__fini_array_start = .)
 *(SORT_BY_INIT_PRIORITY(.fini_array.*) SORT_BY_INIT_PRIORITY(.dtors.*))
 *(.fini_array EXCLUDE_FILE(*crtend?.o *crtend.o *crtbegin?.o *crtbegin.o) .dtors)
                [!provide]                        PROVIDE (__fini_array_end = .)

.ctors
 *crtbegin.o(.ctors)
 *crtbegin?.o(.ctors)
 *(EXCLUDE_FILE(*crtend?.o *crtend.o) .ctors)
 *(SORT_BY_NAME(.ctors.*))
 *(.ctors)

.dtors
 *crtbegin.o(.dtors)
 *crtbegin?.o(.dtors)
 *(EXCLUDE_FILE(*crtend?.o *crtend.o) .dtors)
 *(SORT_BY_NAME(.dtors.*))
 *(.dtors)

.dalign         0x0000000020000000        0x0 load address 0x00000000000023cc
                0x0000000020000000                . = ALIGN (0x4)
                0x0000000020000000                PROVIDE (_data_vma = .)

.dlalign        0x00000000000023cc        0x0
                0x00000000000023cc                . = ALIGN (0x4)
                0x00000000000023cc                PROVIDE (_data_lma = .)

.data           0x0000000020000000       0x98 load address 0x00000000000023cc
 *(.gnu.linkonce.r.*)
 *(.data .data.*)
 .data.AHBPrescTable
                0x0000000020000000       0x10 ./build/user/system_ch32v20x.o
                0x0000000020000000                AHBPrescTable
 .data.APBAHBPrescTable
                0x0000000020000010       0x10 ./build/libraries/Peripheral/src/ch32v20x_rcc.o
 .data.impure_data
                0x0000000020000020       0x60 /home/gary/workplace/toolchain/wch_risc_development/Toolchain/risc-v_embedded_gcc/bin/../lib/gcc/riscv-none-embed/8.2.0/../../../../riscv-none-embed/lib/rv32imac/ilp32/libc_nano.a(lib_a-impure.o)
 *(.gnu.linkonce.d.*)
                0x0000000020000080                . = ALIGN (0x8)
                0x0000000020000880                PROVIDE (__global_pointer$ = (. + 0x800))
 *(.sdata .sdata.*)
 .sdata.SystemCoreClock
                0x0000000020000080        0x4 ./build/user/system_ch32v20x.o
                0x0000000020000080                SystemCoreClock
 .sdata.curbrk.4672
                0x0000000020000084        0x4 ./build/libraries/Debug/debug.o
 .sdata.ADCPrescTable
                0x0000000020000088        0x4 ./build/libraries/Peripheral/src/ch32v20x_rcc.o
 .sdata._impure_ptr
                0x000000002000008c        0x4 /home/gary/workplace/toolchain/wch_risc_development/Toolchain/risc-v_embedded_gcc/bin/../lib/gcc/riscv-none-embed/8.2.0/../../../../riscv-none-embed/lib/rv32imac/ilp32/libc_nano.a(lib_a-impure.o)
                0x000000002000008c                _impure_ptr
 *(.sdata2.*)
 .sdata2._global_impure_ptr
                0x0000000020000090        0x4 /home/gary/workplace/toolchain/wch_risc_development/Toolchain/risc-v_embedded_gcc/bin/../lib/gcc/riscv-none-embed/8.2.0/../../../../riscv-none-embed/lib/rv32imac/ilp32/libc_nano.a(lib_a-impure.o)
                0x0000000020000090                _global_impure_ptr
 *(.gnu.linkonce.s.*)
                0x0000000020000098                . = ALIGN (0x8)
 *fill*         0x0000000020000094        0x4 
 *(.srodata.cst16)
 *(.srodata.cst8)
 *(.srodata.cst4)
 *(.srodata.cst2)
 *(.srodata .srodata.*)
                0x0000000020000098                . = ALIGN (0x4)
                0x0000000020000098                PROVIDE (_edata = .)

.bss            0x0000000020000098       0x3c load address 0x0000000000002464
                0x0000000020000098                . = ALIGN (0x4)
                0x0000000020000098                PROVIDE (_sbss = .)
 *(.sbss*)
 .sbss.p_ms     0x0000000020000098        0x2 ./build/libraries/Debug/debug.o
 .sbss.p_us     0x000000002000009a        0x1 ./build/libraries/Debug/debug.o
 .sbss.MCU_Version
                0x000000002000009b        0x1 ./build/libraries/Peripheral/src/ch32v20x_gpio.o
                0x000000002000009b                MCU_Version
 .sbss.NVIC_Priority_Group
                0x000000002000009c        0x4 ./build/libraries/Peripheral/src/ch32v20x_misc.o
                0x000000002000009c                NVIC_Priority_Group
 .sbss.__malloc_free_list
                0x00000000200000a0        0x4 /home/gary/workplace/toolchain/wch_risc_development/Toolchain/risc-v_embedded_gcc/bin/../lib/gcc/riscv-none-embed/8.2.0/../../../../riscv-none-embed/lib/rv32imac/ilp32/libc_nano.a(lib_a-nano-mallocr.o)
                0x00000000200000a0                __malloc_free_list
 .sbss.__malloc_sbrk_start
                0x00000000200000a4        0x4 /home/gary/workplace/toolchain/wch_risc_development/Toolchain/risc-v_embedded_gcc/bin/../lib/gcc/riscv-none-embed/8.2.0/../../../../riscv-none-embed/lib/rv32imac/ilp32/libc_nano.a(lib_a-nano-mallocr.o)
                0x00000000200000a4                __malloc_sbrk_start
 *(.gnu.linkonce.sb.*)
 *(.bss*)
 *(.gnu.linkonce.b.*)
 *(COMMON*)
 COMMON         0x00000000200000a8       0x28 ./build/user/main.o
                0x00000000200000a8                b_test
 COMMON         0x00000000200000d0        0x4 /home/gary/workplace/toolchain/wch_risc_development/Toolchain/risc-v_embedded_gcc/bin/../lib/gcc/riscv-none-embed/8.2.0/../../../../riscv-none-embed/lib/rv32imac/ilp32/libc_nano.a(lib_a-reent.o)
                0x00000000200000d0                errno
                0x00000000200000d4                . = ALIGN (0x4)
                0x00000000200000d4                PROVIDE (_ebss = .)
                0x00000000200000d4                PROVIDE (_end = _ebss)
                [!provide]                        PROVIDE (end = .)

.stack          0x0000000020004800      0x800
                0x0000000020004800                PROVIDE (_heap_end = .)
                0x0000000020004800                . = ALIGN (0x4)
                [!provide]                        PROVIDE (_susrstack = .)
                0x0000000020005000                . = (. + __stack_size)
 *fill*         0x0000000020004800      0x800 
                0x0000000020005000                PROVIDE (_eusrstack = .)
OUTPUT(build/app.elf elf32-littleriscv)

.debug_info     0x0000000000000000     0x973f
 .debug_info    0x0000000000000000      0xfe2 ./build/user/main.o
 .debug_info    0x0000000000000fe2      0xb89 ./build/user/system_ch32v20x.o
 .debug_info    0x0000000000001b6b      0xc33 ./build/user/my_button.o
 .debug_info    0x000000000000279e      0xbc0 ./build/user/ch32v20x_it.o
 .debug_info    0x000000000000335e      0xf2d ./build/libraries/Debug/debug.o
 .debug_info    0x000000000000428b      0xab2 ./build/libraries/Peripheral/src/ch32v20x_dbgmcu.o
 .debug_info    0x0000000000004d3d     0x155c ./build/libraries/Peripheral/src/ch32v20x_gpio.o
 .debug_info    0x0000000000006299      0xe92 ./build/libraries/Peripheral/src/ch32v20x_misc.o
 .debug_info    0x000000000000712b     0x1273 ./build/libraries/Peripheral/src/ch32v20x_rcc.o
 .debug_info    0x000000000000839e     0x13a1 ./build/libraries/Peripheral/src/ch32v20x_usart.o

.debug_abbrev   0x0000000000000000     0x1d37
 .debug_abbrev  0x0000000000000000      0x2d6 ./build/user/main.o
 .debug_abbrev  0x00000000000002d6      0x2c0 ./build/user/system_ch32v20x.o
 .debug_abbrev  0x0000000000000596      0x307 ./build/user/my_button.o
 .debug_abbrev  0x000000000000089d      0x22c ./build/user/ch32v20x_it.o
 .debug_abbrev  0x0000000000000ac9      0x2e2 ./build/libraries/Debug/debug.o
 .debug_abbrev  0x0000000000000dab      0x2f7 ./build/libraries/Peripheral/src/ch32v20x_dbgmcu.o
 .debug_abbrev  0x00000000000010a2      0x340 ./build/libraries/Peripheral/src/ch32v20x_gpio.o
 .debug_abbrev  0x00000000000013e2      0x2c7 ./build/libraries/Peripheral/src/ch32v20x_misc.o
 .debug_abbrev  0x00000000000016a9      0x36b ./build/libraries/Peripheral/src/ch32v20x_rcc.o
 .debug_abbrev  0x0000000000001a14      0x323 ./build/libraries/Peripheral/src/ch32v20x_usart.o

.debug_loc      0x0000000000000000     0x1ec2
 .debug_loc     0x0000000000000000       0xba ./build/user/main.o
 .debug_loc     0x00000000000000ba       0xf9 ./build/user/system_ch32v20x.o
 .debug_loc     0x00000000000001b3      0x145 ./build/user/my_button.o
 .debug_loc     0x00000000000002f8      0x138 ./build/libraries/Debug/debug.o
 .debug_loc     0x0000000000000430       0x76 ./build/libraries/Peripheral/src/ch32v20x_dbgmcu.o
 .debug_loc     0x00000000000004a6      0x9fc ./build/libraries/Peripheral/src/ch32v20x_gpio.o
 .debug_loc     0x0000000000000ea2       0xa0 ./build/libraries/Peripheral/src/ch32v20x_misc.o
 .debug_loc     0x0000000000000f42      0x7cc ./build/libraries/Peripheral/src/ch32v20x_rcc.o
 .debug_loc     0x000000000000170e      0x7b4 ./build/libraries/Peripheral/src/ch32v20x_usart.o

.debug_aranges  0x0000000000000000      0x460
 .debug_aranges
                0x0000000000000000       0x48 ./build/user/main.o
 .debug_aranges
                0x0000000000000048       0x28 ./build/user/system_ch32v20x.o
 .debug_aranges
                0x0000000000000070       0x38 ./build/user/my_button.o
 .debug_aranges
                0x00000000000000a8       0x28 ./build/user/ch32v20x_it.o
 .debug_aranges
                0x00000000000000d0       0x50 ./build/libraries/Debug/debug.o
 .debug_aranges
                0x0000000000000120       0x48 ./build/libraries/Peripheral/src/ch32v20x_dbgmcu.o
 .debug_aranges
                0x0000000000000168       0xb0 ./build/libraries/Peripheral/src/ch32v20x_gpio.o
 .debug_aranges
                0x0000000000000218       0x28 ./build/libraries/Peripheral/src/ch32v20x_misc.o
 .debug_aranges
                0x0000000000000240      0x130 ./build/libraries/Peripheral/src/ch32v20x_rcc.o
 .debug_aranges
                0x0000000000000370       0xf0 ./build/libraries/Peripheral/src/ch32v20x_usart.o

.debug_ranges   0x0000000000000000      0x408
 .debug_ranges  0x0000000000000000       0x38 ./build/user/main.o
 .debug_ranges  0x0000000000000038       0x30 ./build/user/system_ch32v20x.o
 .debug_ranges  0x0000000000000068       0x40 ./build/user/my_button.o
 .debug_ranges  0x00000000000000a8       0x18 ./build/user/ch32v20x_it.o
 .debug_ranges  0x00000000000000c0       0x40 ./build/libraries/Debug/debug.o
 .debug_ranges  0x0000000000000100       0x50 ./build/libraries/Peripheral/src/ch32v20x_dbgmcu.o
 .debug_ranges  0x0000000000000150       0xa0 ./build/libraries/Peripheral/src/ch32v20x_gpio.o
 .debug_ranges  0x00000000000001f0       0x18 ./build/libraries/Peripheral/src/ch32v20x_misc.o
 .debug_ranges  0x0000000000000208      0x120 ./build/libraries/Peripheral/src/ch32v20x_rcc.o
 .debug_ranges  0x0000000000000328       0xe0 ./build/libraries/Peripheral/src/ch32v20x_usart.o

.debug_line     0x0000000000000000     0x59a7
 .debug_line    0x0000000000000000      0x626 ./build/user/main.o
 .debug_line    0x0000000000000626      0x6a6 ./build/user/system_ch32v20x.o
 .debug_line    0x0000000000000ccc      0x6bd ./build/user/my_button.o
 .debug_line    0x0000000000001389      0x287 ./build/user/ch32v20x_it.o
 .debug_line    0x0000000000001610      0x684 ./build/libraries/Debug/debug.o
 .debug_line    0x0000000000001c94      0x37c ./build/libraries/Peripheral/src/ch32v20x_dbgmcu.o
 .debug_line    0x0000000000002010     0x1668 ./build/libraries/Peripheral/src/ch32v20x_gpio.o
 .debug_line    0x0000000000003678      0x3e7 ./build/libraries/Peripheral/src/ch32v20x_misc.o
 .debug_line    0x0000000000003a5f     0x116e ./build/libraries/Peripheral/src/ch32v20x_rcc.o
 .debug_line    0x0000000000004bcd      0xdda ./build/libraries/Peripheral/src/ch32v20x_usart.o

.debug_str      0x0000000000000000     0x1afa
 .debug_str     0x0000000000000000      0x8bf ./build/user/main.o
                                        0x950 (size before relaxing)
 .debug_str     0x00000000000008bf       0xf2 ./build/user/system_ch32v20x.o
                                        0x6b1 (size before relaxing)
 .debug_str     0x00000000000009b1       0xd2 ./build/user/my_button.o
                                        0x774 (size before relaxing)
 .debug_str     0x0000000000000a83       0xee ./build/user/ch32v20x_it.o
                                        0x66a (size before relaxing)
 .debug_str     0x0000000000000b71      0x16f ./build/libraries/Debug/debug.o
                                        0x900 (size before relaxing)
 .debug_str     0x0000000000000ce0       0x9e ./build/libraries/Peripheral/src/ch32v20x_dbgmcu.o
                                        0x635 (size before relaxing)
 .debug_str     0x0000000000000d7e      0x26b ./build/libraries/Peripheral/src/ch32v20x_gpio.o
                                        0x9ab (size before relaxing)
 .debug_str     0x0000000000000fe9      0x408 ./build/libraries/Peripheral/src/ch32v20x_misc.o
                                        0xa6d (size before relaxing)
 .debug_str     0x00000000000013f1      0x3de ./build/libraries/Peripheral/src/ch32v20x_rcc.o
                                        0xabd (size before relaxing)
 .debug_str     0x00000000000017cf      0x32b ./build/libraries/Peripheral/src/ch32v20x_usart.o
                                        0xaed (size before relaxing)

.comment        0x0000000000000000       0x33
 .comment       0x0000000000000000       0x33 ./build/user/main.o
                                         0x34 (size before relaxing)
 .comment       0x0000000000000033       0x34 ./build/user/system_ch32v20x.o
 .comment       0x0000000000000033       0x34 ./build/user/my_button.o
 .comment       0x0000000000000033       0x34 ./build/user/ch32v20x_it.o
 .comment       0x0000000000000033       0x34 ./build/libraries/Debug/debug.o
 .comment       0x0000000000000033       0x34 ./build/libraries/Peripheral/src/ch32v20x_dbgmcu.o
 .comment       0x0000000000000033       0x34 ./build/libraries/Peripheral/src/ch32v20x_gpio.o
 .comment       0x0000000000000033       0x34 ./build/libraries/Peripheral/src/ch32v20x_misc.o
 .comment       0x0000000000000033       0x34 ./build/libraries/Peripheral/src/ch32v20x_rcc.o
 .comment       0x0000000000000033       0x34 ./build/libraries/Peripheral/src/ch32v20x_usart.o

.debug_frame    0x0000000000000000     0x11a8
 .debug_frame   0x0000000000000000       0xc0 ./build/user/main.o
 .debug_frame   0x00000000000000c0       0x3c ./build/user/system_ch32v20x.o
 .debug_frame   0x00000000000000fc       0x64 ./build/user/my_button.o
 .debug_frame   0x0000000000000160       0x30 ./build/user/ch32v20x_it.o
 .debug_frame   0x0000000000000190       0xb8 ./build/libraries/Debug/debug.o
 .debug_frame   0x0000000000000248       0x70 ./build/libraries/Peripheral/src/ch32v20x_dbgmcu.o
 .debug_frame   0x00000000000002b8      0x174 ./build/libraries/Peripheral/src/ch32v20x_gpio.o
 .debug_frame   0x000000000000042c       0x30 ./build/libraries/Peripheral/src/ch32v20x_misc.o
 .debug_frame   0x000000000000045c      0x250 ./build/libraries/Peripheral/src/ch32v20x_rcc.o
 .debug_frame   0x00000000000006ac      0x1e8 ./build/libraries/Peripheral/src/ch32v20x_usart.o
 .debug_frame   0x0000000000000894       0x54 /home/gary/workplace/toolchain/wch_risc_development/Toolchain/risc-v_embedded_gcc/bin/../lib/gcc/riscv-none-embed/8.2.0/../../../../riscv-none-embed/lib/rv32imac/ilp32/libc_nano.a(lib_a-printf.o)
 .debug_frame   0x00000000000008e8       0x54 /home/gary/workplace/toolchain/wch_risc_development/Toolchain/risc-v_embedded_gcc/bin/../lib/gcc/riscv-none-embed/8.2.0/../../../../riscv-none-embed/lib/rv32imac/ilp32/libc_nano.a(lib_a-puts.o)
 .debug_frame   0x000000000000093c       0x50 /home/gary/workplace/toolchain/wch_risc_development/Toolchain/risc-v_embedded_gcc/bin/../lib/gcc/riscv-none-embed/8.2.0/../../../../riscv-none-embed/lib/rv32imac/ilp32/libc_nano.a(lib_a-wbuf.o)
 .debug_frame   0x000000000000098c       0x3c /home/gary/workplace/toolchain/wch_risc_development/Toolchain/risc-v_embedded_gcc/bin/../lib/gcc/riscv-none-embed/8.2.0/../../../../riscv-none-embed/lib/rv32imac/ilp32/libc_nano.a(lib_a-wsetup.o)
 .debug_frame   0x00000000000009c8       0x7c /home/gary/workplace/toolchain/wch_risc_development/Toolchain/risc-v_embedded_gcc/bin/../lib/gcc/riscv-none-embed/8.2.0/../../../../riscv-none-embed/lib/rv32imac/ilp32/libc_nano.a(lib_a-fflush.o)
 .debug_frame   0x0000000000000a44      0x148 /home/gary/workplace/toolchain/wch_risc_development/Toolchain/risc-v_embedded_gcc/bin/../lib/gcc/riscv-none-embed/8.2.0/../../../../riscv-none-embed/lib/rv32imac/ilp32/libc_nano.a(lib_a-findfp.o)
 .debug_frame   0x0000000000000b8c       0x88 /home/gary/workplace/toolchain/wch_risc_development/Toolchain/risc-v_embedded_gcc/bin/../lib/gcc/riscv-none-embed/8.2.0/../../../../riscv-none-embed/lib/rv32imac/ilp32/libc_nano.a(lib_a-fwalk.o)
 .debug_frame   0x0000000000000c14       0x64 /home/gary/workplace/toolchain/wch_risc_development/Toolchain/risc-v_embedded_gcc/bin/../lib/gcc/riscv-none-embed/8.2.0/../../../../riscv-none-embed/lib/rv32imac/ilp32/libc_nano.a(lib_a-makebuf.o)
 .debug_frame   0x0000000000000c78       0x40 /home/gary/workplace/toolchain/wch_risc_development/Toolchain/risc-v_embedded_gcc/bin/../lib/gcc/riscv-none-embed/8.2.0/../../../../riscv-none-embed/lib/rv32imac/ilp32/libc_nano.a(lib_a-nano-freer.o)
 .debug_frame   0x0000000000000cb8       0x40 /home/gary/workplace/toolchain/wch_risc_development/Toolchain/risc-v_embedded_gcc/bin/../lib/gcc/riscv-none-embed/8.2.0/../../../../riscv-none-embed/lib/rv32imac/ilp32/libc_nano.a(lib_a-nano-mallocr.o)
 .debug_frame   0x0000000000000cf8       0xd0 /home/gary/workplace/toolchain/wch_risc_development/Toolchain/risc-v_embedded_gcc/bin/../lib/gcc/riscv-none-embed/8.2.0/../../../../riscv-none-embed/lib/rv32imac/ilp32/libc_nano.a(lib_a-nano-vfprintf.o)
 .debug_frame   0x0000000000000dc8       0x8c /home/gary/workplace/toolchain/wch_risc_development/Toolchain/risc-v_embedded_gcc/bin/../lib/gcc/riscv-none-embed/8.2.0/../../../../riscv-none-embed/lib/rv32imac/ilp32/libc_nano.a(lib_a-nano-vfprintf_i.o)
 .debug_frame   0x0000000000000e54       0x30 /home/gary/workplace/toolchain/wch_risc_development/Toolchain/risc-v_embedded_gcc/bin/../lib/gcc/riscv-none-embed/8.2.0/../../../../riscv-none-embed/lib/rv32imac/ilp32/libc_nano.a(lib_a-sbrkr.o)
 .debug_frame   0x0000000000000e84       0xa4 /home/gary/workplace/toolchain/wch_risc_development/Toolchain/risc-v_embedded_gcc/bin/../lib/gcc/riscv-none-embed/8.2.0/../../../../riscv-none-embed/lib/rv32imac/ilp32/libc_nano.a(lib_a-stdio.o)
 .debug_frame   0x0000000000000f28       0x30 /home/gary/workplace/toolchain/wch_risc_development/Toolchain/risc-v_embedded_gcc/bin/../lib/gcc/riscv-none-embed/8.2.0/../../../../riscv-none-embed/lib/rv32imac/ilp32/libc_nano.a(lib_a-writer.o)
 .debug_frame   0x0000000000000f58       0x30 /home/gary/workplace/toolchain/wch_risc_development/Toolchain/risc-v_embedded_gcc/bin/../lib/gcc/riscv-none-embed/8.2.0/../../../../riscv-none-embed/lib/rv32imac/ilp32/libc_nano.a(lib_a-closer.o)
 .debug_frame   0x0000000000000f88       0x30 /home/gary/workplace/toolchain/wch_risc_development/Toolchain/risc-v_embedded_gcc/bin/../lib/gcc/riscv-none-embed/8.2.0/../../../../riscv-none-embed/lib/rv32imac/ilp32/libc_nano.a(lib_a-fstatr.o)
 .debug_frame   0x0000000000000fb8       0x30 /home/gary/workplace/toolchain/wch_risc_development/Toolchain/risc-v_embedded_gcc/bin/../lib/gcc/riscv-none-embed/8.2.0/../../../../riscv-none-embed/lib/rv32imac/ilp32/libc_nano.a(lib_a-isattyr.o)
 .debug_frame   0x0000000000000fe8       0x30 /home/gary/workplace/toolchain/wch_risc_development/Toolchain/risc-v_embedded_gcc/bin/../lib/gcc/riscv-none-embed/8.2.0/../../../../riscv-none-embed/lib/rv32imac/ilp32/libc_nano.a(lib_a-lseekr.o)
 .debug_frame   0x0000000000001018       0x20 /home/gary/workplace/toolchain/wch_risc_development/Toolchain/risc-v_embedded_gcc/bin/../lib/gcc/riscv-none-embed/8.2.0/../../../../riscv-none-embed/lib/rv32imac/ilp32/libc_nano.a(lib_a-memchr.o)
 .debug_frame   0x0000000000001038       0x30 /home/gary/workplace/toolchain/wch_risc_development/Toolchain/risc-v_embedded_gcc/bin/../lib/gcc/riscv-none-embed/8.2.0/../../../../riscv-none-embed/lib/rv32imac/ilp32/libc_nano.a(lib_a-mlock.o)
 .debug_frame   0x0000000000001068       0x30 /home/gary/workplace/toolchain/wch_risc_development/Toolchain/risc-v_embedded_gcc/bin/../lib/gcc/riscv-none-embed/8.2.0/../../../../riscv-none-embed/lib/rv32imac/ilp32/libc_nano.a(lib_a-readr.o)
 .debug_frame   0x0000000000001098       0x70 /home/gary/workplace/toolchain/wch_risc_development/Toolchain/risc-v_embedded_gcc/bin/../lib/gcc/riscv-none-embed/8.2.0/../../../../riscv-none-embed/lib/rv32imac/ilp32/libc_nano.a(lib_a-reent.o)
 .debug_frame   0x0000000000001108       0x20 /home/gary/workplace/toolchain/wch_risc_development/Toolchain/risc-v_embedded_gcc/bin/../lib/gcc/riscv-none-embed/8.2.0/../../../../riscv-none-embed/lib/rv32imac/ilp32/libnosys.a(close.o)
 .debug_frame   0x0000000000001128       0x20 /home/gary/workplace/toolchain/wch_risc_development/Toolchain/risc-v_embedded_gcc/bin/../lib/gcc/riscv-none-embed/8.2.0/../../../../riscv-none-embed/lib/rv32imac/ilp32/libnosys.a(fstat.o)
 .debug_frame   0x0000000000001148       0x20 /home/gary/workplace/toolchain/wch_risc_development/Toolchain/risc-v_embedded_gcc/bin/../lib/gcc/riscv-none-embed/8.2.0/../../../../riscv-none-embed/lib/rv32imac/ilp32/libnosys.a(isatty.o)
 .debug_frame   0x0000000000001168       0x20 /home/gary/workplace/toolchain/wch_risc_development/Toolchain/risc-v_embedded_gcc/bin/../lib/gcc/riscv-none-embed/8.2.0/../../../../riscv-none-embed/lib/rv32imac/ilp32/libnosys.a(lseek.o)
 .debug_frame   0x0000000000001188       0x20 /home/gary/workplace/toolchain/wch_risc_development/Toolchain/risc-v_embedded_gcc/bin/../lib/gcc/riscv-none-embed/8.2.0/../../../../riscv-none-embed/lib/rv32imac/ilp32/libnosys.a(read.o)

.stab           0x0000000000000000       0x84
 .stab          0x0000000000000000       0x24 /home/gary/workplace/toolchain/wch_risc_development/Toolchain/risc-v_embedded_gcc/bin/../lib/gcc/riscv-none-embed/8.2.0/../../../../riscv-none-embed/lib/rv32imac/ilp32/libnosys.a(close.o)
 .stab          0x0000000000000024       0x18 /home/gary/workplace/toolchain/wch_risc_development/Toolchain/risc-v_embedded_gcc/bin/../lib/gcc/riscv-none-embed/8.2.0/../../../../riscv-none-embed/lib/rv32imac/ilp32/libnosys.a(fstat.o)
                                         0x24 (size before relaxing)
 .stab          0x000000000000003c       0x18 /home/gary/workplace/toolchain/wch_risc_development/Toolchain/risc-v_embedded_gcc/bin/../lib/gcc/riscv-none-embed/8.2.0/../../../../riscv-none-embed/lib/rv32imac/ilp32/libnosys.a(isatty.o)
                                         0x24 (size before relaxing)
 .stab          0x0000000000000054       0x18 /home/gary/workplace/toolchain/wch_risc_development/Toolchain/risc-v_embedded_gcc/bin/../lib/gcc/riscv-none-embed/8.2.0/../../../../riscv-none-embed/lib/rv32imac/ilp32/libnosys.a(lseek.o)
                                         0x24 (size before relaxing)
 .stab          0x000000000000006c       0x18 /home/gary/workplace/toolchain/wch_risc_development/Toolchain/risc-v_embedded_gcc/bin/../lib/gcc/riscv-none-embed/8.2.0/../../../../riscv-none-embed/lib/rv32imac/ilp32/libnosys.a(read.o)
                                         0x24 (size before relaxing)

.stabstr        0x0000000000000000      0x117
 .stabstr       0x0000000000000000      0x117 /home/gary/workplace/toolchain/wch_risc_development/Toolchain/risc-v_embedded_gcc/bin/../lib/gcc/riscv-none-embed/8.2.0/../../../../riscv-none-embed/lib/rv32imac/ilp32/libnosys.a(close.o)
